<p>On <a href="https://spatie.be">our Laravel powered company website</a> we sell digital products. <div
class="-mx-4 mb-8 sm:mx-0 p-4 sm:p-6 md:p-8 bg-gray-100 border-b-5 border-gray-200 text-sm text-gray-700 ">
<div class="pb-4">
This post is a part of a series where we explore the source code of <a
href="https://spatie.be">spatie.be</a> which
you'll find in <a href="https://github.com/spatie/spatie.be">this repo on GitHub</a>
</div>
<ul class="list-none">
<li>
Part 0: Lorem ipsum <span class="font-italic font-light">(you are here)
</li>
</ul>
<ul class="list-none">
<li>
<a href="/13-series-title-part-1-lorem-ipsum">Part 1: Lorem ipsum</a>
</li>
</ul>
<ul class="list-none">
<li>
<a href="/14-series-title-part-2-lorem-ipsum">Part 2: Lorem ipsum</a>
</li>
</ul>
<ul class="list-none">
<li>
<a href="/15-series-title-part-3-lorem-ipsum">Part 3: Lorem ipsum</a>
</li>
</ul>
<ul class="list-none">
<li>
<a href="/16-series-title-part-4-lorem-ipsum">Part 4: Lorem ipsum</a>
</li>
</ul>
<ul class="list-none">
<li>
<a href="/17-series-title-part-5-lorem-ipsum">Part 5: Lorem ipsum</a>
</li>
</ul>
<ul class="list-none">
<li>
<a href="/18-series-title-part-6-lorem-ipsum">Part 6: Lorem ipsum</a>
</li>
</ul>
<ul class="list-none">
<li>
<a href="/19-series-title-part-7-lorem-ipsum">Part 7: Lorem ipsum</a>
</li>
</ul>
<ul class="list-none">
<li>
<a href="/20-series-title-part-8-lorem-ipsum">Part 8: Lorem ipsum</a>
</li>
</ul>
<ul class="list-none">
<li>
<a href="/21-series-title-part-9-lorem-ipsum">Part 9: Lorem ipsum</a>
</li>
</ul>
</div></p>
<p>This is the blog post This series is continued in <a href="/12-series-title-part-0-lorem-ipsum">part 1: Lorem ipsum</a>.</p>
